Turbo Assembler	 Version 2.51	     11/22/21 20:59:32	    Page 1
bios.asm



      1	0000			     .model small
      2	0000			     .stack 100h
      3	0000			     .data
      4	      =	FFFF			     bios  equ 0FFFFh
      5	      =	B800			     video equ 0B800h
      6	      =	00BA			     color equ 10111010b
      7
      8	0000			     .code
      9	0000			     _main:
     10	0000  B4 00			     mov ah,0
     11	0002  B0 03			     mov al,3
     12	0004  CD 10			     int 10h
     13	0006  B8 FFFF			     mov ax,bios
     14	0009  8E C0			     mov es,ax
     15
     16	000B  B8 B800			     mov ax, video
     17	000E  8E D8			     mov ds,ax
     18
     19	0010  BE 0005			     mov si, 05h
     20	0013  BF 0000			     mov di, 00h
     21	0016  B9 0008			     mov cx, 0008h
     22
     23	0019			     _loop:
     24	0019  26: 8A 04			     mov al, es:[si]
     25	001C  B4 BA			     mov ah,color
     26	001E  89 05			     mov ds:[di], ax
     27	0020  47			     inc di
     28	0021  47			     inc di
     29	0022  46			     inc si
     30	0023  E2 F4			     loop _loop
     31
     32	0025  B4 4C			     mov ah, 4ch
     33	0027  B0 00			     mov al, 0
     34	0029  CD 21			     int 21h
     35				     end _main
Turbo Assembler	 Version 2.51	     11/22/21 20:59:32	    Page 2
Symbol Table




Symbol Name			  Type	 Value

??DATE				  Text	 "11/22/21"
??FILENAME			  Text	 "bios	  "
??TIME				  Text	 "20:59:32"
??VERSION			  Number 0205
@CODE				  Text	 _TEXT
@CODESIZE			  Text	 0
@CPU				  Text	 0101H
@CURSEG				  Text	 _TEXT
@DATA				  Text	 DGROUP
@DATASIZE			  Text	 0
@FILENAME			  Text	 BIOS
@MODEL				  Text	 2
@WORDSIZE			  Text	 2
BIOS				  Number FFFF
COLOR				  Number 00BA
VIDEO				  Number B800
_LOOP				  Near	 _TEXT:0019
_MAIN				  Near	 _TEXT:0000

Groups & Segments		  Bit Size Align  Combine Class

DGROUP				  Group
  STACK				  16  0100 Para	  Stack	  STACK
  _DATA				  16  0000 Word	  Public  DATA
_TEXT				  16  002B Word	  Public  CODE
